// Jest Snapshot v1, https://goo.gl/fbAQLP

exports[`List Component Tests Renders the UI as expected 1`] = `
<section
  className="List"
>
  <header
    className="List-header"
  >
    <h2>
      Test List
    </h2>
  </header>
  <div
    className="List-cards"
  >
    <div
      className="Card"
    >
      <h3>
        Test card
      </h3>
      <p>
        Test content
      </p>
    </div>
  </div>
</section>
`;
